Microchip MPLAB XC8 Compiler V2.10 ()

Linker command line:

-W-3 --edf=C:\Program Files (x86)\Microchip\xc8\v2.10\pic\dat\en_msgs.txt \
  -cs \
  -h+dist/default/production\SwiftAct_Heater_TimeTrigger.X.production.sym \
  --cmf=dist/default/production\SwiftAct_Heater_TimeTrigger.X.production.cmf \
  -z -Q16F877A -oC:\Users\hp\AppData\Local\Temp\sgjc.2 \
  --defsym=__MPLAB_BUILD=1 \
  -Mdist/default/production/SwiftAct_Heater_TimeTrigger.X.production.map \
  -E1 -ver=XC8 --acfsm=1493 -ASTACK=0110h-016Fh -pstack=STACK \
  -ACODE=00h-07FFhx4 -ASTRCODE=00h-01FFFh -ASTRING=00h-0FFhx32 \
  -ACONST=00h-0FFhx32 -AENTRY=00h-0FFhx32 -ACOMMON=070h-07Fh \
  -ABANK0=020h-06Fh -ABANK1=0A0h-0EFh -ABANK2=0110h-016Fh \
  -ABANK3=0190h-01EFh -ARAM=020h-06Fh,0A0h-0EFh,0110h-016Fh,0190h-01EFh \
  -AABS1=020h-07Fh,0A0h-0EFh,0110h-016Fh,0190h-01EFh -ASFR0=00h-01Fh \
  -ASFR1=080h-09Fh -ASFR2=0100h-010Fh -ASFR3=0180h-018Fh \
  -preset_vec=00h,intentry=04h,init,end_init -ppowerup=CODE -pcinit=CODE \
  -pfunctab=ENTRY -ACONFIG=02007h-02007h -pconfig=CONFIG -DCONFIG=2 \
  -AIDLOC=02000h-02003h -pidloc=IDLOC -DIDLOC=2 -AEEDATA=00h-0FFh/02100h \
  -peeprom_data=EEDATA -DEEDATA=2 -DCODE=2 -DSTRCODE=2 -DSTRING=2 -DCONST=2 \
  -DENTRY=2 -k C:\Users\hp\AppData\Local\Temp\sgjc.o \
  dist/default/production\SwiftAct_Heater_TimeTrigger.X.production.o 

Object code version is 3.11

Machine type is 16F877A



                Name                               Link     Load   Length Selector   Space Scale
C:\Users\hp\AppData\Local\Temp\sgjc.o
                end_init                             12       12        3        8       0
                reset_vec                             0        0        3        0       0
                config                             2007     2007        1     400E       0
dist/default/production\SwiftAct_Heater_TimeTrigger.X.production.o
                cinit                                15       15       22        8       0
                functab                              37       37       25       6E       0
                intentry                              4        4        E        8       0
                text54                             1431     1431       10     2862       0
                text53                              C85      C85       87     190A       0
                text52                             1554     1554       30     2AA8       0
                text51                              170      170      107       B8       0
                text50                              A4C      A4C       6B     1498       0
                text49                              97B      97B       68     12F6       0
                text48                              919      919       62     1232       0
                text47                              801      801        D     1002       0
                text46                             13EE     13EE        2     27DC       0
                text45                             1406     1406        9     280C       0
                text44                             140F     140F        9     281E       0
                text43                               5C       5C      114       B8       0
                text42                              D95      D95       8B     1B2A       0
                text41                             1418     1418        A     2830       0
                text40                              F54      F54       AC     1EA8       0
                text39                              277      277      100       B8       0
                text38                             1605     1605       45     2C0A       0
                text37                             164A     164A       45     2C94       0
                text36                              6B2      6B2       B2       B8       0
                text35                              9E3      9E3       69     13C6       0
                text34                              861      861       5B     10C2       0
                text33                             13F0     13F0        2     27E0       0
                text32                              AB7      AB7       6E     156E       0
                text31                             17B1     17B1       4F     2F62       0
                text30                             1584     1584       40     2B08       0
                text29                             14F8     14F8       2D     29F0       0
                text28                             1525     1525       2F     2A4A       0
                text27                             1464     1464       24     28C8       0
                text26                             14AC     14AC       26     2958       0
                text25                              8BC      8BC       5D     1178       0
                text24                             1488     1488       24     2910       0
                text23                             168F     168F       46     2D1E       0
                text22                             15C4     15C4       41     2B88       0
                text21                             1763     1763       4E     2EC6       0
                text20                             1441     1441       10     2882       0
                text19                             16D5     16D5       46     2DAA       0
                text18                             13F6     13F6        4     27EC       0
                text17                              EB3      EB3       A1     1D66       0
                text16                              C03      C03       82     1806       0
                text15                              377      377       EB       B8       0
                text14                              B25      B25       6E     164A       0
                text13                              E20      E20       93     1C40       0
                text12                              B93      B93       70     1726       0
                text11                              D0C      D0C       89     1A18       0
                text10                              5FB      5FB       B7       B8       0
                text9                               53C      53C       BF       B8       0
                text8                              13F2     13F2        2     27E4       0
                text7                              13F4     13F4        2     27E8       0
                text6                               80E      80E       53     101C       0
                text5                              171B     171B       48     2E36       0
                text4                               462      462       DA       B8       0
                text3                              13FA     13FA        4     27F4       0
                text2                              13FE     13FE        8     27FC       0
                text1                               764      764       94       B8       0
                maintext                           14D2     14D2       26     29A4       0
                cstackBANK0                          3F       3F       1F       20       1
                cstackCOMMON                         70       70        E       70       1
                clrtext                             7F8      7F8        8       B8       0
                inittext                           1451     1451       13     28A2       0
                bssBANK1                             A0       A0       50       A0       1
                dataBANK0                            5E       5E        F       20       1
                bssBANK0                             20       20       1F       20       1
                idataBANK0                         1422     1422        F     2844       0

TOTAL           Name                               Link     Load   Length     Space
        CLASS   STACK          

        CLASS   CODE           
                end_init                             12       12        3         0
                cinit                                15       15       22         0
                intentry                              4        4        E         0
                reset_vec                             0        0        3         0
                text54                             1431     1431       10         0
                text53                              C85      C85       87         0
                text52                             1554     1554       30         0
                text51                              170      170      107         0
                text50                              A4C      A4C       6B         0
                text49                              97B      97B       68         0
                text48                              919      919       62         0
                text47                              801      801        D         0
                text46                             13EE     13EE        2         0
                text45                             1406     1406        9         0
                text44                             140F     140F        9         0
                text43                               5C       5C      114         0
                text42                              D95      D95       8B         0
                text41                             1418     1418        A         0
                text40                              F54      F54       AC         0
                text39                              277      277      100         0
                text38                             1605     1605       45         0
                text37                             164A     164A       45         0
                text36                              6B2      6B2       B2         0
                text35                              9E3      9E3       69         0
                text34                              861      861       5B         0
                text33                             13F0     13F0        2         0
                text32                              AB7      AB7       6E         0
                text31                             17B1     17B1       4F         0
                text30                             1584     1584       40         0
                text29                             14F8     14F8       2D         0
                text28                             1525     1525       2F         0
                text27                             1464     1464       24         0
                text26                             14AC     14AC       26         0
                text25                              8BC      8BC       5D         0
                text24                             1488     1488       24         0
                text23                             168F     168F       46         0
                text22                             15C4     15C4       41         0
                text21                             1763     1763       4E         0
                text20                             1441     1441       10         0
                text19                             16D5     16D5       46         0
                text18                             13F6     13F6        4         0
                text17                              EB3      EB3       A1         0
                text16                              C03      C03       82         0
                text15                              377      377       EB         0
                text14                              B25      B25       6E         0
                text13                              E20      E20       93         0
                text12                              B93      B93       70         0
                text11                              D0C      D0C       89         0
                text10                              5FB      5FB       B7         0
                text9                               53C      53C       BF         0
                text8                              13F2     13F2        2         0
                text7                              13F4     13F4        2         0
                text6                               80E      80E       53         0
                text5                              171B     171B       48         0
                text4                               462      462       DA         0
                text3                              13FA     13FA        4         0
                text2                              13FE     13FE        8         0
                text1                               764      764       94         0
                maintext                           14D2     14D2       26         0
                clrtext                             7F8      7F8        8         0
                inittext                           1451     1451       13         0
                idataBANK0                         1422     1422        F         0

        CLASS   STRCODE        

        CLASS   STRING         

        CLASS   CONST          

        CLASS   ENTRY          
                functab                              37       37       25         0

        CLASS   COMMON         
                cstackCOMMON                         70       70        E         1

        CLASS   BANK0          
                cstackBANK0                          3F       3F       1F         1
                dataBANK0                            5E       5E        F         1
                bssBANK0                             20       20       1F         1

        CLASS   BANK1          
                bssBANK1                             A0       A0       50         1

        CLASS   BANK2          

        CLASS   BANK3          

        CLASS   RAM            

        CLASS   ABS1           
                abs_s1                               7E       7E        2         1

        CLASS   SFR0           

        CLASS   SFR1           

        CLASS   SFR2           

        CLASS   SFR3           

        CLASS   CONFIG         
                config                             2007     2007        1         0

        CLASS   IDLOC          

        CLASS   EEDATA         



SEGMENTS        Name                           Load    Length   Top    Selector   Space  Class     Delta

                reset_vec                      000000  000003  000003         0       0  CODE        2
                intentry                       000004  000033  000037         8       0  CODE        2
                bssBANK0                       000020  00004D  00006D        20       1  BANK0       1
                functab                        000037  000025  00005C        6E       0  ENTRY       2
                cstackCOMMON                   000070  00000E  00007E        70       1  COMMON      1
                bssBANK1                       0000A0  000050  0000F0        A0       1  BANK1       1
                text43                         00005C  0007A4  000800        B8       0  CODE        2
                text47                         000801  00000D  00080E      1002       0  CODE        2
                text6                          00080E  000053  000861      101C       0  CODE        2
                text34                         000861  00005B  0008BC      10C2       0  CODE        2
                text25                         0008BC  00005D  000919      1178       0  CODE        2
                text48                         000919  000062  00097B      1232       0  CODE        2
                text49                         00097B  000068  0009E3      12F6       0  CODE        2
                text35                         0009E3  000069  000A4C      13C6       0  CODE        2
                text50                         000A4C  00006B  000AB7      1498       0  CODE        2
                text32                         000AB7  00006E  000B25      156E       0  CODE        2
                text14                         000B25  00006E  000B93      164A       0  CODE        2
                text12                         000B93  000070  000C03      1726       0  CODE        2
                text16                         000C03  000082  000C85      1806       0  CODE        2
                text53                         000C85  000087  000D0C      190A       0  CODE        2
                text11                         000D0C  000089  000D95      1A18       0  CODE        2
                text42                         000D95  00008B  000E20      1B2A       0  CODE        2
                text13                         000E20  000093  000EB3      1C40       0  CODE        2
                text17                         000EB3  0000A1  000F54      1D66       0  CODE        2
                text40                         000F54  0000AC  001000      1EA8       0  CODE        2
                text46                         0013EE  000002  0013F0      27DC       0  CODE        2
                text33                         0013F0  000002  0013F2      27E0       0  CODE        2
                text8                          0013F2  000002  0013F4      27E4       0  CODE        2
                text7                          0013F4  000002  0013F6      27E8       0  CODE        2
                text18                         0013F6  000004  0013FA      27EC       0  CODE        2
                text3                          0013FA  000004  0013FE      27F4       0  CODE        2
                text2                          0013FE  000008  001406      27FC       0  CODE        2
                text45                         001406  000009  00140F      280C       0  CODE        2
                text44                         00140F  000009  001418      281E       0  CODE        2
                text41                         001418  00000A  001422      2830       0  CODE        2
                idataBANK0                     001422  00000F  001431      2844       0  CODE        2
                text54                         001431  000010  001441      2862       0  CODE        2
                text20                         001441  000010  001451      2882       0  CODE        2
                inittext                       001451  000013  001464      28A2       0  CODE        2
                text27                         001464  000024  001488      28C8       0  CODE        2
                text24                         001488  000024  0014AC      2910       0  CODE        2
                text26                         0014AC  000026  0014D2      2958       0  CODE        2
                maintext                       0014D2  000026  0014F8      29A4       0  CODE        2
                text29                         0014F8  00002D  001525      29F0       0  CODE        2
                text28                         001525  00002F  001554      2A4A       0  CODE        2
                text52                         001554  000030  001584      2AA8       0  CODE        2
                text30                         001584  000040  0015C4      2B08       0  CODE        2
                text22                         0015C4  000041  001605      2B88       0  CODE        2
                text38                         001605  000045  00164A      2C0A       0  CODE        2
                text37                         00164A  000045  00168F      2C94       0  CODE        2
                text23                         00168F  000046  0016D5      2D1E       0  CODE        2
                text19                         0016D5  000046  00171B      2DAA       0  CODE        2
                text5                          00171B  000048  001763      2E36       0  CODE        2
                text21                         001763  00004E  0017B1      2EC6       0  CODE        2
                text31                         0017B1  00004F  001800      2F62       0  CODE        2
                config                         002007  000001  002008      400E       0  CONFIG      2


UNUSED ADDRESS RANGES

        Name                Unused          Largest block    Delta
        BANK0            006D-006F              3           1
        BANK2            0110-016F             60           1
        BANK3            0190-01EF             60           1
        CODE             0003-0003              1           2
                         0800-0800              1
                         1000-13ED            3EE
                         1800-1FFF            800
        CONST            0003-0003              1           2
                         0800-0800              1
                         1000-13ED            100
                         1800-1FFF            100
        EEDATA           2100-21FF            100           2
        ENTRY            0003-0003              1           2
                         0800-0800              1
                         1000-13ED            100
                         1800-1FFF            100
        IDLOC            2000-2003              4           2
        RAM              006D-006F              3           1
                         0110-016F             60
                         0190-01EF             60
        SFR0             0000-001F             20           1
        SFR1             0080-009F             20           1
        SFR2             0100-010F             10           1
        SFR3             0180-018F             10           1
        STACK            0110-016F             60           1
        STRCODE          0003-0003              1           2
                         0800-0800              1
                         1000-13ED            3EE
                         1800-1FFF            800
        STRING           0003-0003              1           2
                         0800-0800              1
                         1000-13ED            100
                         1800-1FFF            100

                                  Symbol Table

?_ADC_Read_value                                                       cstackBANK0  003F
?___awdiv                                                              cstackBANK0  003F
?___awmod                                                              cstackBANK0  003F
?___lldiv                                                              cstackBANK0  003F
?___lmul                                                               cstackBANK0  003F
?___lwdiv                                                              cstackBANK0  003F
ADC_Initialization@a_ADC_Vref_high_t                                   cstackBANK0  003F
ADC_Initialization@a_ADC_Vref_low_t                                    cstackBANK0  0040
ADC_Initialization@a_ADC_channel_t                                     cstackBANK0  0043
ADC_Read_value@retVal                                                  cstackBANK0  0048
ADC_Select_prescaler@a_ADC_prescaler_t                                 cstackBANK0  0041
Check_ON_Push_Button@a_u8Pin                                           cstackBANK0  0044
Check_ON_Push_Button@a_u8Port                                          cstackBANK0  0048
Check_ON_Push_Button@retVal_t                                          cstackBANK0  0045
EEPROM_Read_Byte@a_u16Location                                         cstackBANK0  0047
EEPROM_Read_Byte@u8_retVal                                             cstackBANK0  004A
EEPROM_Save_Byte@a_u16Location                                         cstackBANK0  0044
EEPROM_Save_Byte@a_u8Data                                              cstackBANK0  0046
GPIO_ReadFromPin@a_u8pin                                               cstackBANK0  003F
GPIO_ReadFromPin@a_u8port                                              cstackBANK0  0042
GPIO_ReadFromPin@retVal                                                cstackBANK0  0043
GPIO_SetPinDirection@a_u8direction                                     cstackBANK0  0040
GPIO_SetPinDirection@a_u8pin                                           cstackBANK0  003F
GPIO_SetPinDirection@a_u8port                                          cstackBANK0  0043
GPIO_SetPortDirection@a_u8direction                                    cstackBANK0  003F
GPIO_SetPortDirection@a_u8port                                         cstackBANK0  0042
GPIO_WriteOnPin@a_u8pin                                                cstackBANK0  003F
GPIO_WriteOnPin@a_u8port                                               cstackBANK0  0043
GPIO_WriteOnPin@a_u8value                                              cstackBANK0  0040
GPIO_WriteOnPort@a_u8port                                              cstackBANK0  0043
GPIO_WriteOnPort@a_u8value                                             cstackBANK0  003F
Heater_On_Off_Button_Task@On_Off_Button                                bssBANK0     003E
Heater_On_Off_Button_Task@u8Saved_temperature_in_EEPROM                cstackBANK0  004F
Heater_Reading_Temperature_Sensor_Task@g_u8Current_reading_temperature cstackBANK0  0050
Heater_Up_Down_Buttons_Task@Down_Button                                bssBANK0     003C
Heater_Up_Down_Buttons_Task@Up_Button                                  bssBANK0     003D
I2C_Master_Initialization@a_I2C_baud_rate_t                            cstackBANK0  004D
I2C_Master_Initialization@a_I2C_master_mode_t                          cstackBANK0  0054
I2C_master_receive_data@a_I2C_ack_status_t                             cstackBANK0  0040
I2C_master_receive_data@u8_retVal                                      cstackBANK0  0041
I2C_master_send_address@a_I2C_Address                                  cstackBANK0  0043
I2C_master_send_address@a_I2C_operaton_t                               cstackBANK0  003F
I2C_master_send_data@a_I2C_Data                                        cstackBANK0  0040
Scheduler_Core@Counter                                                 cstackCOMMON 0077
Scheduler_Dispatcher@Counter                                           cstackBANK0  005C
Scheduler_Initialization@Counter                                       cstackBANK0  0056
Scheduler_Initialization@a_u8tickTme                                   cstackBANK0  0054
Scheduler_Initialization@initialization_error_t                        cstackBANK0  0055
Scheduler_StartFunction@Counter                                        cstackBANK0  004C
Scheduler_StartFunction@Enum_Task_RepeatType                           cstackBANK0  0044
Scheduler_StartFunction@a_u16_task_periodicity                         cstackBANK0  0040
Scheduler_StartFunction@a_u16_task_start_time                          cstackBANK0  0042
Scheduler_StartFunction@a_u8_task_ID                                   cstackBANK0  003F
Scheduler_StartFunction@task_function_ptr                              cstackBANK0  004B
Scheduler_Tick_time_calculation@a_u8tickTme                            cstackBANK0  0050
Scheduler_Tick_time_calculation@tick_calculation_t                     cstackBANK0  0051
SevenSegment_Display@F56                                               dataBANK0    005E
SevenSegment_Display@a_displayDot                                      cstackBANK0  0048
SevenSegment_Display@a_u8displayNumber                                 cstackBANK0  0057
SevenSegment_Display@u8numberRepresentation                            cstackBANK0  004D
SevenSegment_SelectChip@a_Chip1                                        cstackBANK0  0049
SevenSegment_SelectChip@a_Chip2                                        cstackBANK0  0045
SevenSegment_SelectChip@a_Chip3                                        cstackBANK0  0046
SevenSegment_SelectChip@a_Chip4                                        cstackBANK0  0047
Timer1_set_callback_function@a_function_ptr                            cstackBANK0  0040
Timer1_write_counter@a_u16init_value_for_timer                         cstackCOMMON 0070
_ADC_Initialization                                                    text51       0170
_ADC_Read_value                                                        text21       1763
_ADC_Select_prescaler                                                  text50       0A4C
_ADC_Start_conversion                                                  text20       1441
_CPU_sleep                                                             text33       13F0
_Check_ON_Push_Button                                                  text31       17B1
_EEPROM_Initialization                                                 text47       0801
_EEPROM_Read_Byte                                                      text23       168F
_EEPROM_Save_Byte                                                      text26       14AC
_External_interrupt_enable                                             text46       13EE
_External_interrupt_select_falling_edge                                text45       1406
_GPIO_Enable_Pull_Up_On_PortB                                          text44       140F
_GPIO_ReadFromPin                                                      text32       0AB7
_GPIO_SetPinDirection                                                  text43       005C
_GPIO_SetPortDirection                                                 text42       0D95
_GPIO_WriteOnPin                                                       text39       0277
_GPIO_WriteOnPort                                                      text38       1605
_Global_interrupt_enable                                               text8        13F2
_Heater_Display_Task                                                   text15       0377
_Heater_Heating_Cooling_Task                                           text11       0D0C
_Heater_Initialization                                                 text40       0F54
_Heater_LED_Task                                                       text12       0B93
_Heater_On_Off_Button_Task                                             text14       0B25
_Heater_On_Off_Button_Task$298                                         cstackBANK0  004D
_Heater_Reading_Temperature_Sensor_Task                                text10       05FB
_Heater_Reading_Temperature_Sensor_Task$310                            cstackBANK0  004E
_Heater_Up_Down_Buttons_Task                                           text13       0E20
_Heater_turn_off                                                       text22       15C4
_I2C_Master_Initialization                                             text48       0919
_I2C_master_receive_data                                               text25       08BC
_I2C_master_send_address                                               text30       1584
_I2C_master_send_data                                                  text29       14F8
_I2C_master_send_repeated_start_condition                              text24       1488
_I2C_master_send_start_condition                                       text28       1525
_I2C_master_send_stop_condition                                        text27       1464
_ISR                                                                   text52       1554
_Peripherals_interrupt_enable                                          text7        13F4
_Scheduler_Core                                                        text53       0C85
_Scheduler_Dispatcher                                                  text9        053C
_Scheduler_Initialization                                              text1        0764
_Scheduler_StartFunction                                               text17       0EB3
_Scheduler_Tasks                                                       bssBANK1     00A0
_Scheduler_Tick_time_calculation                                       text4        0462
_SevenSegment_Display                                                  text37       164A
_SevenSegment_Initialization                                           text41       1418
_SevenSegment_SelectChip                                               text36       06B2
_Timer1_Initialization                                                 text6        080E
_Timer1_config_t                                                       dataBANK0    0068
_Timer1_enable                                                         text3        13FA
_Timer1_enable_overflow_interrupt                                      text18       13F6
_Timer1_set_callback_function                                          text2        13FE
_Timer1_write_counter                                                  text54       1431
__CFG_BOREN$ON                                                         (abs)        0000
__CFG_CP$OFF                                                           (abs)        0000
__CFG_CPD$OFF                                                          (abs)        0000
__CFG_FOSC$XT                                                          (abs)        0000
__CFG_LVP$OFF                                                          (abs)        0000
__CFG_PWRTE$ON                                                         (abs)        0000
__CFG_WDTE$OFF                                                         (abs)        0000
__CFG_WRT$OFF                                                          (abs)        0000
__Habs1                                                                abs1         0000
__Hbank0                                                               bank0        0000
__Hbank1                                                               bank1        0000
__Hbank2                                                               bank2        0000
__Hbank3                                                               bank3        0000
__HbssBANK0                                                            bssBANK0     0000
__HbssBANK1                                                            bssBANK1     0000
__Hcinit                                                               cinit        0037
__Hclrtext                                                             clrtext      0000
__Hcode                                                                code         0000
__Hcommon                                                              common       0000
__Hconfig                                                              config       2008
__HcstackBANK0                                                         cstackBANK0  0000
__HcstackCOMMON                                                        cstackCOMMON 0000
__HdataBANK0                                                           dataBANK0    0000
__Heeprom_data                                                         eeprom_data  0000
__Hend_init                                                            end_init     0015
__Hfunctab                                                             functab      005C
__HidataBANK0                                                          idataBANK0   0000
__Hidloc                                                               idloc        0000
__Hinit                                                                init         0012
__Hinittext                                                            inittext     0000
__Hintentry                                                            intentry     0012
__Hmaintext                                                            maintext     0000
__Hpowerup                                                             powerup      0000
__Hram                                                                 ram          0000
__Hreset_vec                                                           reset_vec    0003
__Hsfr0                                                                sfr0         0000
__Hsfr1                                                                sfr1         0000
__Hsfr2                                                                sfr2         0000
__Hsfr3                                                                sfr3         0000
__Hspace_0                                                             (abs)        2008
__Hspace_1                                                             (abs)        00F0
__Hspace_2                                                             (abs)        0000
__Hspace_3                                                             (abs)        0000
__Hstack                                                               stack        0000
__Hstrings                                                             strings      0000
__Htext                                                                text         0000
__Labs1                                                                abs1         0000
__Lbank0                                                               bank0        0000
__Lbank1                                                               bank1        0000
__Lbank2                                                               bank2        0000
__Lbank3                                                               bank3        0000
__LbssBANK0                                                            bssBANK0     0000
__LbssBANK1                                                            bssBANK1     0000
__Lcinit                                                               cinit        0015
__Lclrtext                                                             clrtext      0000
__Lcode                                                                code         0000
__Lcommon                                                              common       0000
__Lconfig                                                              config       2007
__LcstackBANK0                                                         cstackBANK0  0000
__LcstackCOMMON                                                        cstackCOMMON 0000
__LdataBANK0                                                           dataBANK0    0000
__Leeprom_data                                                         eeprom_data  0000
__Lend_init                                                            end_init     0012
__Lfunctab                                                             functab      0037
__LidataBANK0                                                          idataBANK0   0000
__Lidloc                                                               idloc        0000
__Linit                                                                init         0012
__Linittext                                                            inittext     0000
__Lintentry                                                            intentry     0004
__Lmaintext                                                            maintext     0000
__Lpowerup                                                             powerup      0000
__Lram                                                                 ram          0000
__Lreset_vec                                                           reset_vec    0000
__Lsfr0                                                                sfr0         0000
__Lsfr1                                                                sfr1         0000
__Lsfr2                                                                sfr2         0000
__Lsfr3                                                                sfr3         0000
__Lspace_0                                                             (abs)        0000
__Lspace_1                                                             (abs)        0000
__Lspace_2                                                             (abs)        0000
__Lspace_3                                                             (abs)        0000
__Lstack                                                               stack        0000
__Lstrings                                                             strings      0000
__Ltext                                                                text         0000
__S0                                                                   (abs)        2008
__S1                                                                   (abs)        00F0
__S2                                                                   (abs)        0000
__S3                                                                   (abs)        0000
___awdiv                                                               text35       09E3
___awdiv@counter                                                       cstackBANK0  0044
___awdiv@dividend                                                      cstackBANK0  0041
___awdiv@divisor                                                       cstackBANK0  003F
___awdiv@quotient                                                      cstackBANK0  0046
___awdiv@sign                                                          cstackBANK0  0045
___awmod                                                               text34       0861
___awmod@counter                                                       cstackBANK0  0044
___awmod@dividend                                                      cstackBANK0  0041
___awmod@divisor                                                       cstackBANK0  003F
___awmod@sign                                                          cstackBANK0  0045
___int_sp                                                              stack        0000
___latbits                                                             (abs)        0002
___lldiv                                                               text49       097B
___lldiv@counter                                                       cstackBANK0  004C
___lldiv@dividend                                                      cstackBANK0  0043
___lldiv@divisor                                                       cstackBANK0  003F
___lldiv@quotient                                                      cstackBANK0  0048
___lmul                                                                text5        171B
___lmul@multiplicand                                                   cstackBANK0  0043
___lmul@multiplier                                                     cstackBANK0  003F
___lmul@product                                                        cstackBANK0  0048
___lwdiv                                                               text19       16D5
___lwdiv@counter                                                       cstackBANK0  0046
___lwdiv@dividend                                                      cstackBANK0  0041
___lwdiv@divisor                                                       cstackBANK0  003F
___lwdiv@quotient                                                      cstackBANK0  0044
___sp                                                                  stack        0000
___stackhi                                                             (abs)        0000
___stacklo                                                             (abs)        0000
__end_of_ADC_Initialization                                            text51       0277
__end_of_ADC_Read_value                                                text21       17B1
__end_of_ADC_Select_prescaler                                          text50       0AB7
__end_of_ADC_Start_conversion                                          text20       1451
__end_of_CPU_sleep                                                     text33       13F2
__end_of_Check_ON_Push_Button                                          text31       1800
__end_of_EEPROM_Initialization                                         text47       080E
__end_of_EEPROM_Read_Byte                                              text23       16D5
__end_of_EEPROM_Save_Byte                                              text26       14D2
__end_of_External_interrupt_enable                                     text46       13F0
__end_of_External_interrupt_select_falling_edge                        text45       140F
__end_of_GPIO_Enable_Pull_Up_On_PortB                                  text44       1418
__end_of_GPIO_ReadFromPin                                              text32       0B25
__end_of_GPIO_SetPinDirection                                          text43       0170
__end_of_GPIO_SetPortDirection                                         text42       0E20
__end_of_GPIO_WriteOnPin                                               text39       0377
__end_of_GPIO_WriteOnPort                                              text38       164A
__end_of_Global_interrupt_enable                                       text8        13F4
__end_of_Heater_Display_Task                                           text15       0462
__end_of_Heater_Heating_Cooling_Task                                   text11       0D95
__end_of_Heater_Initialization                                         text40       1000
__end_of_Heater_LED_Task                                               text12       0C03
__end_of_Heater_On_Off_Button_Task                                     text14       0B93
__end_of_Heater_Reading_Temperature_Sensor_Task                        text10       06B2
__end_of_Heater_Up_Down_Buttons_Task                                   text13       0EB3
__end_of_Heater_turn_off                                               text22       1605
__end_of_I2C_Master_Initialization                                     text48       097B
__end_of_I2C_master_receive_data                                       text25       0919
__end_of_I2C_master_send_address                                       text30       15C4
__end_of_I2C_master_send_data                                          text29       1525
__end_of_I2C_master_send_repeated_start_condition                      text24       14AC
__end_of_I2C_master_send_start_condition                               text28       1554
__end_of_I2C_master_send_stop_condition                                text27       1488
__end_of_ISR                                                           text52       1584
__end_of_Peripherals_interrupt_enable                                  text7        13F6
__end_of_Scheduler_Core                                                text53       0D0C
__end_of_Scheduler_Dispatcher                                          text9        05FB
__end_of_Scheduler_Initialization                                      text1        07F8
__end_of_Scheduler_StartFunction                                       text17       0F54
__end_of_Scheduler_Tick_time_calculation                               text4        053C
__end_of_SevenSegment_Display                                          text37       168F
__end_of_SevenSegment_Initialization                                   text41       1422
__end_of_SevenSegment_SelectChip                                       text36       0764
__end_of_Timer1_Initialization                                         text6        0861
__end_of_Timer1_enable                                                 text3        13FE
__end_of_Timer1_enable_overflow_interrupt                              text18       13FA
__end_of_Timer1_set_callback_function                                  text2        1406
__end_of_Timer1_write_counter                                          text54       1441
__end_of___awdiv                                                       text35       0A4C
__end_of___awmod                                                       text34       08BC
__end_of___lldiv                                                       text49       09E3
__end_of___lmul                                                        text5        1763
__end_of___lwdiv                                                       text19       171B
__end_of__fptable                                                      functab      0053
__end_of__i1fptable                                                    functab      005C
__end_of__initialization                                               cinit        0033
__end_of_initialization_Tasks                                          text16       0C85
__end_of_main                                                          maintext     14F8
__fptable                                                              functab      0037
__i1fptable                                                            functab      0053
__initialization                                                       cinit        0015
__pbssBANK0                                                            bssBANK0     0020
__pbssBANK1                                                            bssBANK1     00A0
__pcstackBANK0                                                         cstackBANK0  003F
__pcstackCOMMON                                                        cstackCOMMON 0070
__pdataBANK0                                                           dataBANK0    005E
__pfunctab                                                             functab      0037
__pidataBANK0                                                          idataBANK0   1422
__pintentry                                                            intentry     0004
__pmaintext                                                            maintext     14D2
__ptext1                                                               text1        0764
__ptext10                                                              text10       05FB
__ptext11                                                              text11       0D0C
__ptext12                                                              text12       0B93
__ptext13                                                              text13       0E20
__ptext14                                                              text14       0B25
__ptext15                                                              text15       0377
__ptext16                                                              text16       0C03
__ptext17                                                              text17       0EB3
__ptext18                                                              text18       13F6
__ptext19                                                              text19       16D5
__ptext2                                                               text2        13FE
__ptext20                                                              text20       1441
__ptext21                                                              text21       1763
__ptext22                                                              text22       15C4
__ptext23                                                              text23       168F
__ptext24                                                              text24       1488
__ptext25                                                              text25       08BC
__ptext26                                                              text26       14AC
__ptext27                                                              text27       1464
__ptext28                                                              text28       1525
__ptext29                                                              text29       14F8
__ptext3                                                               text3        13FA
__ptext30                                                              text30       1584
__ptext31                                                              text31       17B1
__ptext32                                                              text32       0AB7
__ptext33                                                              text33       13F0
__ptext34                                                              text34       0861
__ptext35                                                              text35       09E3
__ptext36                                                              text36       06B2
__ptext37                                                              text37       164A
__ptext38                                                              text38       1605
__ptext39                                                              text39       0277
__ptext4                                                               text4        0462
__ptext40                                                              text40       0F54
__ptext41                                                              text41       1418
__ptext42                                                              text42       0D95
__ptext43                                                              text43       005C
__ptext44                                                              text44       140F
__ptext45                                                              text45       1406
__ptext46                                                              text46       13EE
__ptext47                                                              text47       0801
__ptext48                                                              text48       0919
__ptext49                                                              text49       097B
__ptext5                                                               text5        171B
__ptext50                                                              text50       0A4C
__ptext51                                                              text51       0170
__ptext52                                                              text52       1554
__ptext53                                                              text53       0C85
__ptext54                                                              text54       1431
__ptext6                                                               text6        080E
__ptext7                                                               text7        13F4
__ptext8                                                               text8        13F2
__ptext9                                                               text9        053C
__size_of_ADC_Initialization                                           (abs)        0000
__size_of_ADC_Read_value                                               (abs)        0000
__size_of_ADC_Select_prescaler                                         (abs)        0000
__size_of_ADC_Start_conversion                                         (abs)        0000
__size_of_CPU_sleep                                                    (abs)        0000
__size_of_Check_ON_Push_Button                                         (abs)        0000
__size_of_EEPROM_Initialization                                        (abs)        0000
__size_of_EEPROM_Read_Byte                                             (abs)        0000
__size_of_EEPROM_Save_Byte                                             (abs)        0000
__size_of_External_interrupt_enable                                    (abs)        0000
__size_of_External_interrupt_select_falling_edge                       (abs)        0000
__size_of_GPIO_Enable_Pull_Up_On_PortB                                 (abs)        0000
__size_of_GPIO_ReadFromPin                                             (abs)        0000
__size_of_GPIO_SetPinDirection                                         (abs)        0000
__size_of_GPIO_SetPortDirection                                        (abs)        0000
__size_of_GPIO_WriteOnPin                                              (abs)        0000
__size_of_GPIO_WriteOnPort                                             (abs)        0000
__size_of_Global_interrupt_enable                                      (abs)        0000
__size_of_Heater_Display_Task                                          (abs)        0000
__size_of_Heater_Heating_Cooling_Task                                  (abs)        0000
__size_of_Heater_Initialization                                        (abs)        0000
__size_of_Heater_LED_Task                                              (abs)        0000
__size_of_Heater_On_Off_Button_Task                                    (abs)        0000
__size_of_Heater_Reading_Temperature_Sensor_Task                       (abs)        0000
__size_of_Heater_Up_Down_Buttons_Task                                  (abs)        0000
__size_of_Heater_turn_off                                              (abs)        0000
__size_of_I2C_Master_Initialization                                    (abs)        0000
__size_of_I2C_master_receive_data                                      (abs)        0000
__size_of_I2C_master_send_address                                      (abs)        0000
__size_of_I2C_master_send_data                                         (abs)        0000
__size_of_I2C_master_send_repeated_start_condition                     (abs)        0000
__size_of_I2C_master_send_start_condition                              (abs)        0000
__size_of_I2C_master_send_stop_condition                               (abs)        0000
__size_of_ISR                                                          (abs)        0000
__size_of_Peripherals_interrupt_enable                                 (abs)        0000
__size_of_Scheduler_Core                                               (abs)        0000
__size_of_Scheduler_Dispatcher                                         (abs)        0000
__size_of_Scheduler_Initialization                                     (abs)        0000
__size_of_Scheduler_StartFunction                                      (abs)        0000
__size_of_Scheduler_Tick_time_calculation                              (abs)        0000
__size_of_SevenSegment_Display                                         (abs)        0000
__size_of_SevenSegment_Initialization                                  (abs)        0000
__size_of_SevenSegment_SelectChip                                      (abs)        0000
__size_of_Timer1_Initialization                                        (abs)        0000
__size_of_Timer1_enable                                                (abs)        0000
__size_of_Timer1_enable_overflow_interrupt                             (abs)        0000
__size_of_Timer1_set_callback_function                                 (abs)        0000
__size_of_Timer1_write_counter                                         (abs)        0000
__size_of___awdiv                                                      (abs)        0000
__size_of___awmod                                                      (abs)        0000
__size_of___lldiv                                                      (abs)        0000
__size_of___lmul                                                       (abs)        0000
__size_of___lwdiv                                                      (abs)        0000
__size_of__fptable                                                     (abs)        0000
__size_of__i1fptable                                                   (abs)        0000
__size_of_initialization_Tasks                                         (abs)        0000
__size_of_main                                                         (abs)        0000
_external_interrupt_callback_ptr                                       bssBANK0     0032
_g_Heater_state_t                                                      bssBANK0     003B
_g_u16Sum_of_ten_readings                                              bssBANK0     0030
_g_u16_TickTimeCounter                                                 bssBANK0     002E
_g_u8Display_blank_counter                                             bssBANK0     0036
_g_u8End_setup_state                                                   bssBANK0     0035
_g_u8Heater_desired_temperature                                        dataBANK0    006C
_g_u8Heater_real_time_temperature                                      dataBANK0    006B
_g_u8Led_blank_counter                                                 bssBANK0     0034
_g_u8Reading_arr                                                       bssBANK0     0020
_g_u8Reading_counter                                                   bssBANK0     0038
_g_u8Reading_deleted_element                                           bssBANK0     0037
_g_u8Sync_flag                                                         bssBANK0     003A
_initialization_Tasks                                                  text16       0C03
_main                                                                  maintext     14D2
_timer1_callback_ptr                                                   bssBANK0     0033
_u32compare_value                                                      bssBANK0     002A
btemp                                                                  (abs)        007E
clear_ram0                                                             clrtext      07F8
end_of_initialization                                                  cinit        0033
fpbase                                                                 functab      003C
fptable                                                                functab      0037
fptotal                                                                (abs)        000E
i1fpbase                                                               functab      0058
i1fptable                                                              functab      0053
i1fptotal                                                              (abs)        0002
init_fetch0                                                            inittext     1451
init_ram0                                                              inittext     1455
interrupt_function                                                     intentry     0004
intlevel0                                                              functab      0037
intlevel1                                                              functab      0037
intlevel2                                                              functab      0037
intlevel3                                                              functab      0037
intlevel4                                                              functab      0037
intlevel5                                                              functab      0037
reset_vec                                                              reset_vec    0000
saved_w                                                                (abs)        007E
start                                                                  init         0012
start_initialization                                                   cinit        0015
wtemp0                                                                 (abs)        007E


FUNCTION INFORMATION:

 *************** function _main *****************
 Defined at:
		line 25 in file "main.c"
 Parameters:    Size  Location     Type
		None
 Auto vars:     Size  Location     Type
		None
 Return value:  Size  Location     Type
                  1    wreg      void 
 Registers used:
		wreg, fsr0l, fsr0h, status,2, status,0, pclath, cstack
 Tracked objects:
		On entry : 
		On exit  : 
		Unchanged: 
 Data sizes:     COMMON   BANK0   BANK1   BANK3   BANK2
      Params:         0       0       0       0       0
      Locals:         0       0       0       0       0
      Temps:          0       0       0       0       0
      Totals:         0       0       0       0       0
Total ram usage:        0 bytes
 Hardware stack levels required when called:    8
 This function calls:
		_Heater_Initialization
		_Scheduler_Dispatcher
		_Scheduler_Initialization
		_Scheduler_StartFunction
 This function is called by:
		Startup code after reset
 This function uses a non-reentrant model


 *************** function _Scheduler_Initialization *****************
 Defined at:
		line 167 in file "scheduler.c"
 Parameters:    Size  Location     Type
  a_u8tickTme     1    wreg     unsigned char 
 Auto vars:     Size  Location     Type
  a_u8tickTme     1   21[BANK0 ] unsigned char 
  Counter         2   23[BANK0 ] unsigned short 
  initializati    1   22[BANK0 ] enum E15
 Return value:  Size  Location     Type
                  1    wreg      enum E57
 Registers used:
		wreg, fsr0l, fsr0h, status,2, status,0, pclath, cstack
 Tracked objects:
		On entry : 
		On exit  : 
		Unchanged: 
 Data sizes:     COMMON   BANK0   BANK1   BANK3   BANK2
      Params:         0       0       0       0       0
      Locals:         0       4       0       0       0
      Temps:          0       2       0       0       0
      Totals:         0       6       0       0       0
Total ram usage:        6 bytes
 Hardware stack levels used:    1
 Hardware stack levels required when called:    5
 This function calls:
		_Global_interrupt_enable
		_Peripherals_interrupt_enable
		_Scheduler_Tick_time_calculation
		_Timer1_enable
		_Timer1_set_callback_function
 This function is called by:
		_main
 This function uses a non-reentrant model


 *************** function _Timer1_set_callback_function *****************
 Defined at:
		line 129 in file "interrupt.c"
 Parameters:    Size  Location     Type
  a_function_p    1    wreg     PTR FTN()void 
		 -> Scheduler_Core(1), 
 Auto vars:     Size  Location     Type
  a_function_p    1    1[BANK0 ] PTR FTN()void 
		 -> Scheduler_Core(1), 
 Return value:  Size  Location     Type
                  1    wreg      void 
 Registers used:
		wreg
 Tracked objects:
		On entry : 
		On exit  : 
		Unchanged: 
 Data sizes:     COMMON   BANK0   BANK1   BANK3   BANK2
      Params:         0       0       0       0       0
      Locals:         0       1       0       0       0
      Temps:          0       1       0       0       0
      Totals:         0       2       0       0       0
Total ram usage:        2 bytes
 Hardware stack levels used:    1
 Hardware stack levels required when called:    3
 This function calls:
		Nothing
 This function is called by:
		_Scheduler_Initialization
 This function uses a non-reentrant model


 *************** function _Timer1_enable *****************
 Defined at:
		line 181 in file "timers.c"
 Parameters:    Size  Location     Type
		None
 Auto vars:     Size  Location     Type
		None
 Return value:  Size  Location     Type
                  1    wreg      void 
 Registers used:
		None
 Tracked objects:
		On entry : 
		On exit  : 
		Unchanged: 
 Data sizes:     COMMON   BANK0   BANK1   BANK3   BANK2
      Params:         0       0       0       0       0
      Locals:         0       0       0       0       0
      Temps:          0       0       0       0       0
      Totals:         0       0       0       0       0
Total ram usage:        0 bytes
 Hardware stack levels used:    1
 Hardware stack levels required when called:    3
 This function calls:
		Nothing
 This function is called by:
		_Scheduler_Initialization
 This function uses a non-reentrant model


 *************** function _Scheduler_Tick_time_calculation *****************
 Defined at:
		line 108 in file "scheduler.c"
 Parameters:    Size  Location     Type
  a_u8tickTme     1    wreg     unsigned char 
 Auto vars:     Size  Location     Type
  a_u8tickTme     1   17[BANK0 ] unsigned char 
  tick_calcula    1   18[BANK0 ] enum E15
 Return value:  Size  Location     Type
                  1    wreg      enum E15
 Registers used:
		wreg, fsr0l, fsr0h, status,2, status,0, pclath, cstack
 Tracked objects:
		On entry : 
		On exit  : 
		Unchanged: 
 Data sizes:     COMMON   BANK0   BANK1   BANK3   BANK2
      Params:         0       0       0       0       0
      Locals:         0       2       0       0       0
      Temps:          0       4       0       0       0
      Totals:         0       6       0       0       0
Total ram usage:        6 bytes
 Hardware stack levels used:    1
 Hardware stack levels required when called:    4
 This function calls:
		_Timer1_Initialization
		___lmul
 This function is called by:
		_Scheduler_Initialization
 This function uses a non-reentrant model


 *************** function ___lmul *****************
 Defined at:
		line 15 in file "C:\Program Files (x86)\Microchip\xc8\v2.10\pic\sources\c90\common\Umul32.c"
 Parameters:    Size  Location     Type
  multiplier      4    0[BANK0 ] unsigned long 
  multiplicand    4    4[BANK0 ] unsigned long 
 Auto vars:     Size  Location     Type
  product         4    9[BANK0 ] unsigned long 
 Return value:  Size  Location     Type
                  4    0[BANK0 ] unsigned long 
 Registers used:
		wreg, status,2, status,0
 Tracked objects:
		On entry : 
		On exit  : 
		Unchanged: 
 Data sizes:     COMMON   BANK0   BANK1   BANK3   BANK2
      Params:         0       8       0       0       0
      Locals:         0       4       0       0       0
      Temps:          0       1       0       0       0
      Totals:         0      13       0       0       0
Total ram usage:       13 bytes
 Hardware stack levels used:    1
 Hardware stack levels required when called:    3
 This function calls:
		Nothing
 This function is called by:
		_Scheduler_Tick_time_calculation
 This function uses a non-reentrant model


 *************** function _Timer1_Initialization *****************
 Defined at:
		line 124 in file "timers.c"
 Parameters:    Size  Location     Type
		None
 Auto vars:     Size  Location     Type
		None
 Return value:  Size  Location     Type
                  1    wreg      void 
 Registers used:
		wreg, fsr0l, fsr0h, status,2, status,0
 Tracked objects:
		On entry : 
		On exit  : 
		Unchanged: 
 Data sizes:     COMMON   BANK0   BANK1   BANK3   BANK2
      Params:         0       0       0       0       0
      Locals:         0       0       0       0       0
      Temps:          0       2       0       0       0
      Totals:         0       2       0       0       0
Total ram usage:        2 bytes
 Hardware stack levels used:    1
 Hardware stack levels required when called:    3
 This function calls:
		Nothing
 This function is called by:
		_Scheduler_Tick_time_calculation
 This function uses a non-reentrant model


 *************** function _Peripherals_interrupt_enable *****************
 Defined at:
		line 950 in file "interrupt.c"
 Parameters:    Size  Location     Type
		None
 Auto vars:     Size  Location     Type
		None
 Return value:  Size  Location     Type
                  1    wreg      void 
 Registers used:
		None
 Tracked objects:
		On entry : 
		On exit  : 
		Unchanged: 
 Data sizes:     COMMON   BANK0   BANK1   BANK3   BANK2
      Params:         0       0       0       0       0
      Locals:         0       0       0       0       0
      Temps:          0       0       0       0       0
      Totals:         0       0       0       0       0
Total ram usage:        0 bytes
 Hardware stack levels used:    1
 Hardware stack levels required when called:    3
 This function calls:
		Nothing
 This function is called by:
		_Scheduler_Initialization
 This function uses a non-reentrant model


 *************** function _Global_interrupt_enable *****************
 Defined at:
		line 916 in file "interrupt.c"
 Parameters:    Size  Location     Type
		None
 Auto vars:     Size  Location     Type
		None
 Return value:  Size  Location     Type
                  1    wreg      void 
 Registers used:
		None
 Tracked objects:
		On entry : 
		On exit  : 
		Unchanged: 
 Data sizes:     COMMON   BANK0   BANK1   BANK3   BANK2
      Params:         0       0       0       0       0
      Locals:         0       0       0       0       0
      Temps:          0       0       0       0       0
      Totals:         0       0       0       0       0
Total ram usage:        0 bytes
 Hardware stack levels used:    1
 Hardware stack levels required when called:    3
 This function calls:
		Nothing
 This function is called by:
		_Scheduler_Initialization
 This function uses a non-reentrant model


 *************** function _Scheduler_Dispatcher *****************
 Defined at:
		line 319 in file "scheduler.c"
 Parameters:    Size  Location     Type
		None
 Auto vars:     Size  Location     Type
  Counter         2   29[BANK0 ] unsigned short 
 Return value:  Size  Location     Type
                  1    wreg      void 
 Registers used:
		wreg, fsr0l, fsr0h, status,2, status,0, pclath, cstack
 Tracked objects:
		On entry : 
		On exit  : 
		Unchanged: 
 Data sizes:     COMMON   BANK0   BANK1   BANK3   BANK2
      Params:         0       0       0       0       0
      Locals:         0       2       0       0       0
      Temps:          0       2       0       0       0
      Totals:         0       4       0       0       0
Total ram usage:        4 bytes
 Hardware stack levels used:    1
 Hardware stack levels required when called:    7
 This function calls:
		_Heater_Display_Task
		_Heater_Heating_Cooling_Task
		_Heater_LED_Task
		_Heater_On_Off_Button_Task
		_Heater_Reading_Temperature_Sensor_Task
		_Heater_Up_Down_Buttons_Task
		_initialization_Tasks
 This function is called by:
		_main
 This function uses a non-reentrant model


 *************** function _Heater_Reading_Temperature_Sensor_Task *****************
 Defined at:
		line 608 in file "heater.c"
 Parameters:    Size  Location     Type
		None
 Auto vars:     Size  Location     Type
  g_u8Current_    1   17[BANK0 ] unsigned char 
 Return value:  Size  Location     Type
                  1    wreg      void 
 Registers used:
		wreg, fsr0l, fsr0h, status,2, status,0, pclath, cstack
 Tracked objects:
		On entry : 
		On exit  : 
		Unchanged: 
 Data sizes:     COMMON   BANK0   BANK1   BANK3   BANK2
      Params:         0       0       0       0       0
      Locals:         0       3       0       0       0
      Temps:          0       4       0       0       0
      Totals:         0       7       0       0       0
Total ram usage:        7 bytes
 Hardware stack levels used:    1
 Hardware stack levels required when called:    4
 This function calls:
		_ADC_Read_value
		_ADC_Start_conversion
		___lwdiv
 This function is called by:
		_initialization_Tasks
		_Scheduler_Dispatcher
 This function uses a non-reentrant model


 *************** function _Heater_Heating_Cooling_Task *****************
 Defined at:
		line 551 in file "heater.c"
 Parameters:    Size  Location     Type
		None
 Auto vars:     Size  Location     Type
		None
 Return value:  Size  Location     Type
                  1    wreg      void 
 Registers used:
		wreg, fsr0l, fsr0h, status,2, status,0, pclath, cstack
 Tracked objects:
		On entry : 
		On exit  : 
		Unchanged: 
 Data sizes:     COMMON   BANK0   BANK1   BANK3   BANK2
      Params:         0       0       0       0       0
      Locals:         0       0       0       0       0
      Temps:          0       2       0       0       0
      Totals:         0       2       0       0       0
Total ram usage:        2 bytes
 Hardware stack levels used:    1
 Hardware stack levels required when called:    4
 This function calls:
		_GPIO_WriteOnPin
 This function is called by:
		_initialization_Tasks
		_Scheduler_Dispatcher
 This function uses a non-reentrant model


 *************** function _Heater_LED_Task *****************
 Defined at:
		line 480 in file "heater.c"
 Parameters:    Size  Location     Type
		None
 Auto vars:     Size  Location     Type
		None
 Return value:  Size  Location     Type
                  1    wreg      void 
 Registers used:
		wreg, fsr0l, fsr0h, status,2, status,0, pclath, cstack
 Tracked objects:
		On entry : 
		On exit  : 
		Unchanged: 
 Data sizes:     COMMON   BANK0   BANK1   BANK3   BANK2
      Params:         0       0       0       0       0
      Locals:         0       0       0       0       0
      Temps:          0       2       0       0       0
      Totals:         0       2       0       0       0
Total ram usage:        2 bytes
 Hardware stack levels used:    1
 Hardware stack levels required when called:    4
 This function calls:
		_GPIO_WriteOnPin
 This function is called by:
		_initialization_Tasks
		_Scheduler_Dispatcher
 This function uses a non-reentrant model


 *************** function _Heater_Up_Down_Buttons_Task *****************
 Defined at:
		line 393 in file "heater.c"
 Parameters:    Size  Location     Type
		None
 Auto vars:     Size  Location     Type
		None
 Return value:  Size  Location     Type
                  1    wreg      void 
 Registers used:
		wreg, fsr0l, fsr0h, status,2, status,0, pclath, cstack
 Tracked objects:
		On entry : 
		On exit  : 
		Unchanged: 
 Data sizes:     COMMON   BANK0   BANK1   BANK3   BANK2
      Params:         0       0       0       0       0
      Locals:         0       0       0       0       0
      Temps:          0       2       0       0       0
      Totals:         0       2       0       0       0
Total ram usage:        2 bytes
 Hardware stack levels used:    1
 Hardware stack levels required when called:    5
 This function calls:
		_Check_ON_Push_Button
		_EEPROM_Save_Byte
 This function is called by:
		_initialization_Tasks
		_Scheduler_Dispatcher
 This function uses a non-reentrant model


 *************** function _Heater_On_Off_Button_Task *****************
 Defined at:
		line 332 in file "heater.c"
 Parameters:    Size  Location     Type
		None
 Auto vars:     Size  Location     Type
  u8Saved_temp    1   16[BANK0 ] unsigned char 
 Return value:  Size  Location     Type
                  1    wreg      void 
 Registers used:
		wreg, fsr0l, fsr0h, status,2, status,0, pclath, cstack
 Tracked objects:
		On entry : 
		On exit  : 
		Unchanged: 
 Data sizes:     COMMON   BANK0   BANK1   BANK3   BANK2
      Params:         0       0       0       0       0
      Locals:         0       3       0       0       0
      Temps:          0       2       0       0       0
      Totals:         0       5       0       0       0
Total ram usage:        5 bytes
 Hardware stack levels used:    1
 Hardware stack levels required when called:    6
 This function calls:
		_CPU_sleep
		_Check_ON_Push_Button
		_EEPROM_Read_Byte
		_Heater_turn_off
 This function is called by:
		_initialization_Tasks
		_Scheduler_Dispatcher
 This function uses a non-reentrant model


 *************** function _Heater_Display_Task *****************
 Defined at:
		line 234 in file "heater.c"
 Parameters:    Size  Location     Type
		None
 Auto vars:     Size  Location     Type
		None
 Return value:  Size  Location     Type
                  1    wreg      void 
 Registers used:
		wreg, fsr0l, fsr0h, status,2, status,0, pclath, cstack
 Tracked objects:
		On entry : 
		On exit  : 
		Unchanged: 
 Data sizes:     COMMON   BANK0   BANK1   BANK3   BANK2
      Params:         0       0       0       0       0
      Locals:         0       0       0       0       0
      Temps:          0       2       0       0       0
      Totals:         0       2       0       0       0
Total ram usage:        2 bytes
 Hardware stack levels used:    1
 Hardware stack levels required when called:    5
 This function calls:
		_SevenSegment_Display
		_SevenSegment_SelectChip
		___awdiv
		___awmod
 This function is called by:
		_initialization_Tasks
		_Scheduler_Dispatcher
 This function uses a non-reentrant model


 *************** function _initialization_Tasks *****************
 Defined at:
		line 52 in file "main.c"
 Parameters:    Size  Location     Type
		None
 Auto vars:     Size  Location     Type
		None
 Return value:  Size  Location     Type
                  1    wreg      void 
 Registers used:
		wreg, fsr0l, fsr0h, status,2, status,0, pclath, cstack
 Tracked objects:
		On entry : 
		On exit  : 
		Unchanged: 
 Data sizes:     COMMON   BANK0   BANK1   BANK3   BANK2
      Params:         0       0       0       0       0
[...]
		_SevenSegment_SelectChip
 This function uses a non-reentrant model


 *************** function _Heater_Initialization *****************
 Defined at:
		line 190 in file "heater.c"
 Parameters:    Size  Location     Type
		None
 Auto vars:     Size  Location     Type
		None
 Return value:  Size  Location     Type
                  1    wreg      void 
 Registers used:
		wreg, fsr0l, fsr0h, status,2, status,0, pclath, cstack
 Tracked objects:
		On entry : 
		On exit  : 
		Unchanged: 
 Data sizes:     COMMON   BANK0   BANK1   BANK3   BANK2
      Params:         0       0       0       0       0
      Locals:         0       0       0       0       0
      Temps:          0       1       0       0       0
      Totals:         0       1       0       0       0
Total ram usage:        1 bytes
 Hardware stack levels used:    1
 Hardware stack levels required when called:    6
 This function calls:
		_ADC_Initialization
		_ADC_Select_prescaler
		_EEPROM_Initialization
		_External_interrupt_enable
		_External_interrupt_select_falling_edge
		_GPIO_Enable_Pull_Up_On_PortB
		_GPIO_SetPinDirection
		_SevenSegment_Initialization
 This function is called by:
		_main
 This function uses a non-reentrant model


 *************** function _SevenSegment_Initialization *****************
 Defined at:
		line 34 in file "SevenSegment.c"
 Parameters:    Size  Location     Type
		None
 Auto vars:     Size  Location     Type
		None
 Return value:  Size  Location     Type
                  1    wreg      void 
 Registers used:
		wreg, fsr0l, fsr0h, status,2, status,0, pclath, cstack
 Tracked objects:
		On entry : 
		On exit  : 
		Unchanged: 
 Data sizes:     COMMON   BANK0   BANK1   BANK3   BANK2
      Params:         0       0       0       0       0
      Locals:         0       0       0       0       0
      Temps:          0       0       0       0       0
      Totals:         0       0       0       0       0
Total ram usage:        0 bytes
 Hardware stack levels used:    1
 Hardware stack levels required when called:    4
 This function calls:
		_GPIO_SetPortDirection
 This function is called by:
		_Heater_Initialization
 This function uses a non-reentrant model


 *************** function _GPIO_SetPortDirection *****************
 Defined at:
		line 193 in file "GPIO.c"
 Parameters:    Size  Location     Type
  a_u8port        1    wreg     unsigned char 
  a_u8directio    1    0[BANK0 ] unsigned char 
 Auto vars:     Size  Location     Type
  a_u8port        1    3[BANK0 ] unsigned char 
  retVal          1    0        enum E10
 Return value:  Size  Location     Type
                  1    wreg      enum E10
 Registers used:
		wreg, fsr0l, fsr0h, status,2, status,0
 Tracked objects:
		On entry : 
		On exit  : 
		Unchanged: 
 Data sizes:     COMMON   BANK0   BANK1   BANK3   BANK2
      Params:         0       1       0       0       0
      Locals:         0       2       0       0       0
      Temps:          0       2       0       0       0
      Totals:         0       5       0       0       0
Total ram usage:        5 bytes
 Hardware stack levels used:    1
 Hardware stack levels required when called:    3
 This function calls:
		Nothing
 This function is called by:
		_SevenSegment_Initialization
 This function uses a non-reentrant model


 *************** function _GPIO_SetPinDirection *****************
 Defined at:
		line 36 in file "GPIO.c"
 Parameters:    Size  Location     Type
  a_u8port        1    wreg     unsigned char 
  a_u8pin         1    0[BANK0 ] unsigned char 
  a_u8directio    1    1[BANK0 ] unsigned char 
 Auto vars:     Size  Location     Type
  a_u8port        1    4[BANK0 ] unsigned char 
  retVal          1    0        enum E10
 Return value:  Size  Location     Type
                  1    wreg      enum E10
 Registers used:
		wreg, fsr0l, fsr0h, status,2, status,0
 Tracked objects:
		On entry : 
		On exit  : 
		Unchanged: 
 Data sizes:     COMMON   BANK0   BANK1   BANK3   BANK2
      Params:         0       2       0       0       0
      Locals:         0       2       0       0       0
      Temps:          0       2       0       0       0
      Totals:         0       6       0       0       0
Total ram usage:        6 bytes
 Hardware stack levels used:    1
 Hardware stack levels required when called:    3
 This function calls:
		Nothing
 This function is called by:
		_Heater_Initialization
		_SevenSegment_SelectChip
 This function uses a non-reentrant model


 *************** function _GPIO_Enable_Pull_Up_On_PortB *****************
 Defined at:
		line 762 in file "GPIO.c"
 Parameters:    Size  Location     Type
		None
 Auto vars:     Size  Location     Type
		None
 Return value:  Size  Location     Type
                  1    wreg      void 
 Registers used:
		wreg, status,2, status,0
 Tracked objects:
		On entry : 
		On exit  : 
		Unchanged: 
 Data sizes:     COMMON   BANK0   BANK1   BANK3   BANK2
      Params:         0       0       0       0       0
      Locals:         0       0       0       0       0
      Temps:          0       1       0       0       0
      Totals:         0       1       0       0       0
Total ram usage:        1 bytes
 Hardware stack levels used:    1
 Hardware stack levels required when called:    3
 This function calls:
		Nothing
 This function is called by:
		_Heater_Initialization
 This function uses a non-reentrant model


 *************** function _External_interrupt_select_falling_edge *****************
 Defined at:
		line 257 in file "interrupt.c"
 Parameters:    Size  Location     Type
		None
 Auto vars:     Size  Location     Type
		None
 Return value:  Size  Location     Type
                  1    wreg      void 
 Registers used:
		wreg, status,2, status,0
 Tracked objects:
		On entry : 
		On exit  : 
		Unchanged: 
 Data sizes:     COMMON   BANK0   BANK1   BANK3   BANK2
      Params:         0       0       0       0       0
      Locals:         0       0       0       0       0
      Temps:          0       1       0       0       0
      Totals:         0       1       0       0       0
Total ram usage:        1 bytes
 Hardware stack levels used:    1
 Hardware stack levels required when called:    3
 This function calls:
		Nothing
 This function is called by:
		_Heater_Initialization
 This function uses a non-reentrant model


 *************** function _External_interrupt_enable *****************
 Defined at:
		line 209 in file "interrupt.c"
 Parameters:    Size  Location     Type
		None
 Auto vars:     Size  Location     Type
		None
 Return value:  Size  Location     Type
                  1    wreg      void 
 Registers used:
		None
 Tracked objects:
		On entry : 
		On exit  : 
		Unchanged: 
 Data sizes:     COMMON   BANK0   BANK1   BANK3   BANK2
      Params:         0       0       0       0       0
      Locals:         0       0       0       0       0
      Temps:          0       0       0       0       0
      Totals:         0       0       0       0       0
Total ram usage:        0 bytes
 Hardware stack levels used:    1
 Hardware stack levels required when called:    3
 This function calls:
		Nothing
 This function is called by:
		_Heater_Initialization
 This function uses a non-reentrant model


 *************** function _EEPROM_Initialization *****************
 Defined at:
		line 36 in file "EEPROM24c04.c"
 Parameters:    Size  Location     Type
		None
 Auto vars:     Size  Location     Type
		None
 Return value:  Size  Location     Type
                  1    wreg      void 
 Registers used:
		wreg, status,2, status,0, pclath, cstack
 Tracked objects:
		On entry : 
		On exit  : 
		Unchanged: 
 Data sizes:     COMMON   BANK0   BANK1   BANK3   BANK2
      Params:         0       0       0       0       0
      Locals:         0       0       0       0       0
      Temps:          0       0       0       0       0
      Totals:         0       0       0       0       0
Total ram usage:        0 bytes
 Hardware stack levels used:    1
 Hardware stack levels required when called:    5
 This function calls:
		_I2C_Master_Initialization
 This function is called by:
		_Heater_Initialization
 This function uses a non-reentrant model


 *************** function _I2C_Master_Initialization *****************
 Defined at:
		line 37 in file "I2C.c"
 Parameters:    Size  Location     Type
  a_I2C_master    1    wreg     enum E10
  a_I2C_baud_r    2   14[BANK0 ] enum E14
 Auto vars:     Size  Location     Type
  a_I2C_master    1   21[BANK0 ] enum E10
 Return value:  Size  Location     Type
                  1    wreg      void 
 Registers used:
		wreg, status,2, status,0, pclath, cstack
 Tracked objects:
		On entry : 
		On exit  : 
		Unchanged: 
 Data sizes:     COMMON   BANK0   BANK1   BANK3   BANK2
      Params:         0       2       0       0       0
      Locals:         0       1       0       0       0
      Temps:          0       5       0       0       0
      Totals:         0       8       0       0       0
Total ram usage:        8 bytes
 Hardware stack levels used:    1
 Hardware stack levels required when called:    4
 This function calls:
		___lldiv
 This function is called by:
		_EEPROM_Initialization
 This function uses a non-reentrant model


 *************** function ___lldiv *****************
 Defined at:
		line 5 in file "C:\Program Files (x86)\Microchip\xc8\v2.10\pic\sources\c90\common\__lldiv.c"
 Parameters:    Size  Location     Type
  divisor         4    0[BANK0 ] unsigned long 
  dividend        4    4[BANK0 ] unsigned long 
 Auto vars:     Size  Location     Type
  quotient        4    9[BANK0 ] unsigned long 
  counter         1   13[BANK0 ] unsigned char 
 Return value:  Size  Location     Type
                  4    0[BANK0 ] unsigned long 
 Registers used:
		wreg, status,2, status,0
 Tracked objects:
		On entry : 
		On exit  : 
		Unchanged: 
 Data sizes:     COMMON   BANK0   BANK1   BANK3   BANK2
      Params:         0       8       0       0       0
      Locals:         0       5       0       0       0
      Temps:          0       1       0       0       0
      Totals:         0      14       0       0       0
Total ram usage:       14 bytes
 Hardware stack levels used:    1
 Hardware stack levels required when called:    3
 This function calls:
		Nothing
 This function is called by:
		_I2C_Master_Initialization
 This function uses a non-reentrant model


 *************** function _ADC_Select_prescaler *****************
 Defined at:
		line 178 in file "ADC.c"
 Parameters:    Size  Location     Type
  a_ADC_presca    1    wreg     enum E20
 Auto vars:     Size  Location     Type
  a_ADC_presca    1    2[BANK0 ] enum E20
 Return value:  Size  Location     Type
                  1    wreg      void 
 Registers used:
		wreg, fsr0l, fsr0h, status,2, status,0
 Tracked objects:
		On entry : 
		On exit  : 
		Unchanged: 
 Data sizes:     COMMON   BANK0   BANK1   BANK3   BANK2
      Params:         0       0       0       0       0
      Locals:         0       1       0       0       0
      Temps:          0       2       0       0       0
      Totals:         0       3       0       0       0
Total ram usage:        3 bytes
 Hardware stack levels used:    1
 Hardware stack levels required when called:    3
 This function calls:
		Nothing
 This function is called by:
		_Heater_Initialization
 This function uses a non-reentrant model


 *************** function _ADC_Initialization *****************
 Defined at:
		line 38 in file "ADC.c"
 Parameters:    Size  Location     Type
  a_ADC_channe    1    wreg     enum E10
  a_ADC_Vref_h    1    0[BANK0 ] enum E33
  a_ADC_Vref_l    1    1[BANK0 ] enum E33
 Auto vars:     Size  Location     Type
  a_ADC_channe    1    4[BANK0 ] enum E10
 Return value:  Size  Location     Type
                  1    wreg      void 
 Registers used:
		wreg, fsr0l, fsr0h, status,2, status,0
 Tracked objects:
		On entry : 
		On exit  : 
		Unchanged: 
 Data sizes:     COMMON   BANK0   BANK1   BANK3   BANK2
      Params:         0       2       0       0       0
      Locals:         0       1       0       0       0
      Temps:          0       2       0       0       0
      Totals:         0       5       0       0       0
Total ram usage:        5 bytes
 Hardware stack levels used:    1
 Hardware stack levels required when called:    3
 This function calls:
		Nothing
 This function is called by:
		_Heater_Initialization
 This function uses a non-reentrant model


 *************** function _ISR *****************
 Defined at:
		line 985 in file "interrupt.c"
 Parameters:    Size  Location     Type
		None
 Auto vars:     Size  Location     Type
		None
 Return value:  Size  Location     Type
                  1    wreg      void 
 Registers used:
		wreg, fsr0l, fsr0h, status,2, status,0, btemp+1, pclath, cstack
 Tracked objects:
		On entry : 
		On exit  : 
		Unchanged: 
 Data sizes:     COMMON   BANK0   BANK1   BANK3   BANK2
      Params:         0       0       0       0       0
      Locals:         0       0       0       0       0
      Temps:          5       0       0       0       0
      Totals:         5       0       0       0       0
Total ram usage:        5 bytes
 Hardware stack levels used:    1
 Hardware stack levels required when called:    2
 This function calls:
		Absolute function
		_Scheduler_Core
 This function is called by:
		Interrupt level 1
 This function uses a non-reentrant model


 *************** function _Scheduler_Core *****************
 Defined at:
		line 71 in file "scheduler.c"
 Parameters:    Size  Location     Type
		None
 Auto vars:     Size  Location     Type
  Counter         2    7[COMMON] unsigned short 
 Return value:  Size  Location     Type
                  1    wreg      void 
 Registers used:
		wreg, fsr0l, fsr0h, status,2, status,0, btemp+1, pclath, cstack
 Tracked objects:
		On entry : 
		On exit  : 
		Unchanged: 
 Data sizes:     COMMON   BANK0   BANK1   BANK3   BANK2
      Params:         0       0       0       0       0
      Locals:         2       0       0       0       0
      Temps:          4       0       0       0       0
      Totals:         6       0       0       0       0
Total ram usage:        6 bytes
 Hardware stack levels used:    1
 Hardware stack levels required when called:    1
 This function calls:
		_Timer1_write_counter
 This function is called by:
		_Scheduler_Initialization
		_ISR
 This function uses a non-reentrant model


 *************** function _Timer1_write_counter *****************
 Defined at:
		line 239 in file "timers.c"
 Parameters:    Size  Location     Type
  a_u16init_va    2    0[COMMON] unsigned short 
 Auto vars:     Size  Location     Type
		None
 Return value:  Size  Location     Type
                  1    wreg      void 
 Registers used:
		wreg, status,2, status,0
 Tracked objects:
		On entry : 
		On exit  : 
		Unchanged: 
 Data sizes:     COMMON   BANK0   BANK1   BANK3   BANK2
      Params:         2       0       0       0       0
      Locals:         0       0       0       0       0
      Temps:          1       0       0       0       0
      Totals:         3       0       0       0       0
Total ram usage:        3 bytes
 Hardware stack levels used:    1
 This function calls:
		Nothing
 This function is called by:
		_Scheduler_Core
 This function uses a non-reentrant model



MODULE INFORMATION

Module		Function		Class		Link	Load	Size
SevenSegment_unportablePart.c
		_SevenSegment_SelectChip		CODE           	06B2	0000	179

SevenSegment_unportablePart.c estimated size: 179

timers.c
		_Timer1_Initialization		CODE           	080E	0000	84
		_Timer1_write_counter		CODE           	1431	0000	17
		_Timer1_enable 		CODE           	13FA	0000	5

timers.c estimated size: 106

C:\Program Files (x86)\Microchip\xc8\v2.10\pic\sources\c90\common\lwdiv.c
		___lwdiv       		CODE           	16D5	0000	71

C:\Program Files (x86)\Microchip\xc8\v2.10\pic\sources\c90\common\lwdiv.c estimated size: 71

C:\Program Files (x86)\Microchip\xc8\v2.10\pic\sources\c90\common\awdiv.c
		___awdiv       		CODE           	09E3	0000	106

C:\Program Files (x86)\Microchip\xc8\v2.10\pic\sources\c90\common\awdiv.c estimated size: 106

heater.c
		_Heater_On_Off_Button_Task		CODE           	0B25	0000	111
		_Heater_Up_Down_Buttons_Task		CODE           	0E20	0000	148
		_Heater_Display_Task		CODE           	0377	0000	236
		_Check_ON_Push_Button		CODE           	17B1	0000	80
		_Heater_turn_off		CODE           	15C4	0000	66
		_Heater_LED_Task		CODE           	0B93	0000	113
		_Heater_Reading_Temperature_Sensor_Task		CODE           	05FB	0000	184
		_Heater_Initialization		CODE           	0F54	0000	173
		_Heater_Heating_Cooling_Task		CODE           	0D0C	0000	138

heater.c estimated size: 1249

EEPROM24c04.c
		_EEPROM_Read_Byte		CODE           	168F	0000	71
		_EEPROM_Save_Byte		CODE           	14AC	0000	39
		_EEPROM_Initialization		CODE           	0801	0000	14

EEPROM24c04.c estimated size: 124

CPU_sleep.c
		_CPU_sleep     		CODE           	13F0	0000	3

CPU_sleep.c estimated size: 3

I2C.c
		_I2C_Master_Initialization		CODE           	0919	0000	99
		_I2C_master_send_start_condition		CODE           	1525	0000	48
		_I2C_master_send_stop_condition		CODE           	1464	0000	37
		_I2C_master_send_address		CODE           	1584	0000	65
		_I2C_master_send_repeated_start_condition		CODE           	1488	0000	37
		_I2C_master_receive_data		CODE           	08BC	0000	94
		_I2C_master_send_data		CODE           	14F8	0000	46

I2C.c estimated size: 426

C:\Program Files (x86)\Microchip\xc8\v2.10\pic\sources\c90\common\__lldiv.c
		___lldiv       		CODE           	097B	0000	105

C:\Program Files (x86)\Microchip\xc8\v2.10\pic\sources\c90\common\__lldiv.c estimated size: 105

C:\Program Files (x86)\Microchip\xc8\v2.10\pic\sources\c90\common\Umul32.c
		___lmul        		CODE           	171B	0000	73

C:\Program Files (x86)\Microchip\xc8\v2.10\pic\sources\c90\common\Umul32.c estimated size: 73

interrupt.c
		_ISR           		CODE           	1554	0000	49
		_Peripherals_interrupt_enable		CODE           	13F4	0000	3
		_Timer1_enable_overflow_interrupt		CODE           	13F6	0000	5
		_Global_interrupt_enable		CODE           	13F2	0000	3
		_External_interrupt_enable		CODE           	13EE	0000	3
		_External_interrupt_select_falling_edge		CODE           	1406	0000	10
		_Timer1_set_callback_function		CODE           	13FE	0000	9

interrupt.c estimated size: 82

shared
		__i1fptable    		ENTRY          	0053	0000	10
		__initialization		CODE           	0015	0000	31
		__fptable      		ENTRY          	0037	0000	29

shared estimated size: 70

ADC.c
		_ADC_Start_conversion		CODE           	1441	0000	17
		_ADC_Read_value		CODE           	1763	0000	79
		_ADC_Select_prescaler		CODE           	0A4C	0000	108
		_ADC_Initialization		CODE           	0170	0000	264

ADC.c estimated size: 468

SevenSegment.c
		_SevenSegment_Display		CODE           	164A	0000	70
		_SevenSegment_Initialization		CODE           	1418	0000	11

SevenSegment.c estimated size: 81

GPIO.c
		_GPIO_Enable_Pull_Up_On_PortB		CODE           	140F	0000	10
		_GPIO_WriteOnPort		CODE           	1605	0000	70
		_GPIO_SetPortDirection		CODE           	0D95	0000	140
		_GPIO_ReadFromPin		CODE           	0AB7	0000	111
		_GPIO_SetPinDirection		CODE           	005C	0000	277
		_GPIO_WriteOnPin		CODE           	0277	0000	257

GPIO.c estimated size: 865

C:\Program Files (x86)\Microchip\xc8\v2.10\pic\sources\c90\common\awmod.c
		___awmod       		CODE           	0861	0000	92

C:\Program Files (x86)\Microchip\xc8\v2.10\pic\sources\c90\common\awmod.c estimated size: 92

scheduler.c
		_Scheduler_Core		CODE           	0C85	0000	136
		_Scheduler_Tick_time_calculation		CODE           	0462	0000	219
		_Scheduler_Initialization		CODE           	0764	0000	149
		_Scheduler_Dispatcher		CODE           	053C	0000	192
		_Scheduler_StartFunction		CODE           	0EB3	0000	162

scheduler.c estimated size: 858

main.c
		_main          		CODE           	14D2	0000	39
		_initialization_Tasks		CODE           	0C03	0000	131

main.c estimated size: 170

